/kortemmelab/home/rocco/consensus_min_orig_min/1A8G_ensemble/081A8Glast_0056.pdb
/kortemmelab/home/rocco/consensus_min_orig_min/1A8G_ensemble/081A8Glast_0041.pdb
/kortemmelab/home/rocco/consensus_min_orig_min/1A8G_ensemble/041A8Glast_0068.pdb
/kortemmelab/home/rocco/consensus_min_orig_min/1A8G_ensemble/031A8Glast_0069.pdb
/kortemmelab/home/rocco/consensus_min_orig_min/1A8G_ensemble/091A8Glast_0013.pdb
/kortemmelab/home/rocco/consensus_min_orig_min/1A8G_ensemble/011A8Glast_0042.pdb
/kortemmelab/home/rocco/consensus_min_orig_min/1A8G_ensemble/071A8Glast_0005.pdb
/kortemmelab/home/rocco/consensus_min_orig_min/1A8G_ensemble/051A8Glast_0023.pdb
/kortemmelab/home/rocco/consensus_min_orig_min/1A8G_ensemble/041A8Glast_0014.pdb
/kortemmelab/home/rocco/consensus_min_orig_min/1A8G_ensemble/021A8Glast_0098.pdb
/kortemmelab/home/rocco/consensus_min_orig_min/1A8G_ensemble/011A8Glast_0098.pdb
/kortemmelab/home/rocco/consensus_min_orig_min/1A8G_ensemble/011A8Glast_0086.pdb
/kortemmelab/home/rocco/consensus_min_orig_min/1A8G_ensemble/071A8Glast_0024.pdb
/kortemmelab/home/rocco/consensus_min_orig_min/1A8G_ensemble/061A8Glast_0063.pdb
/kortemmelab/home/rocco/consensus_min_orig_min/1A8G_ensemble/051A8Glast_0029.pdb
/kortemmelab/home/rocco/consensus_min_orig_min/1A8G_ensemble/071A8Glast_0011.pdb
/kortemmelab/home/rocco/consensus_min_orig_min/1A8G_ensemble/011A8Glast_0034.pdb
/kortemmelab/home/rocco/consensus_min_orig_min/1A8G_ensemble/011A8Glast_0031.pdb
/kortemmelab/home/rocco/consensus_min_orig_min/1A8G_ensemble/021A8Glast_0053.pdb
/kortemmelab/home/rocco/consensus_min_orig_min/1A8G_ensemble/091A8Glast_0017.pdb
/kortemmelab/home/rocco/consensus_min_orig_min/1A8G_ensemble/081A8Glast_0099.pdb
/kortemmelab/home/rocco/consensus_min_orig_min/1A8G_ensemble/051A8Glast_0067.pdb
/kortemmelab/home/rocco/consensus_min_orig_min/1A8G_ensemble/051A8Glast_0083.pdb
/kortemmelab/home/rocco/consensus_min_orig_min/1A8G_ensemble/071A8Glast_0009.pdb
/kortemmelab/home/rocco/consensus_min_orig_min/1A8G_ensemble/021A8Glast_0026.pdb
/kortemmelab/home/rocco/consensus_min_orig_min/1A8G_ensemble/041A8Glast_0072.pdb
/kortemmelab/home/rocco/consensus_min_orig_min/1A8G_ensemble/061A8Glast_0042.pdb
/kortemmelab/home/rocco/consensus_min_orig_min/1A8G_ensemble/011A8Glast_0066.pdb
/kortemmelab/home/rocco/consensus_min_orig_min/1A8G_ensemble/051A8Glast_0061.pdb
/kortemmelab/home/rocco/consensus_min_orig_min/1A8G_ensemble/091A8Glast_0047.pdb
/kortemmelab/home/rocco/consensus_min_orig_min/1A8G_ensemble/081A8Glast_0055.pdb
/kortemmelab/home/rocco/consensus_min_orig_min/1A8G_ensemble/041A8Glast_0048.pdb
/kortemmelab/home/rocco/consensus_min_orig_min/1A8G_ensemble/041A8Glast_0091.pdb
/kortemmelab/home/rocco/consensus_min_orig_min/1A8G_ensemble/061A8Glast_0086.pdb
/kortemmelab/home/rocco/consensus_min_orig_min/1A8G_ensemble/001A8Glast_0014.pdb
/kortemmelab/home/rocco/consensus_min_orig_min/1A8G_ensemble/001A8Glast_0006.pdb
/kortemmelab/home/rocco/consensus_min_orig_min/1A8G_ensemble/051A8Glast_0044.pdb
/kortemmelab/home/rocco/consensus_min_orig_min/1A8G_ensemble/051A8Glast_0033.pdb
/kortemmelab/home/rocco/consensus_min_orig_min/1A8G_ensemble/071A8Glast_0013.pdb
/kortemmelab/home/rocco/consensus_min_orig_min/1A8G_ensemble/041A8Glast_0053.pdb
/kortemmelab/home/rocco/consensus_min_orig_min/1A8G_ensemble/021A8Glast_0021.pdb
/kortemmelab/home/rocco/consensus_min_orig_min/1A8G_ensemble/081A8Glast_0047.pdb
/kortemmelab/home/rocco/consensus_min_orig_min/1A8G_ensemble/021A8Glast_0076.pdb
/kortemmelab/home/rocco/consensus_min_orig_min/1A8G_ensemble/091A8Glast_0008.pdb
/kortemmelab/home/rocco/consensus_min_orig_min/1A8G_ensemble/051A8Glast_0052.pdb
/kortemmelab/home/rocco/consensus_min_orig_min/1A8G_ensemble/091A8Glast_0068.pdb
/kortemmelab/home/rocco/consensus_min_orig_min/1A8G_ensemble/041A8Glast_0095.pdb
/kortemmelab/home/rocco/consensus_min_orig_min/1A8G_ensemble/091A8Glast_0016.pdb
/kortemmelab/home/rocco/consensus_min_orig_min/1A8G_ensemble/001A8Glast_0026.pdb
/kortemmelab/home/rocco/consensus_min_orig_min/1A8G_ensemble/021A8Glast_0039.pdb
/kortemmelab/home/rocco/consensus_min_orig_min/1A8G_ensemble/031A8Glast_0070.pdb
/kortemmelab/home/rocco/consensus_min_orig_min/1A8G_ensemble/061A8Glast_0020.pdb
/kortemmelab/home/rocco/consensus_min_orig_min/1A8G_ensemble/041A8Glast_0029.pdb
/kortemmelab/home/rocco/consensus_min_orig_min/1A8G_ensemble/041A8Glast_0080.pdb
/kortemmelab/home/rocco/consensus_min_orig_min/1A8G_ensemble/011A8Glast_0043.pdb
/kortemmelab/home/rocco/consensus_min_orig_min/1A8G_ensemble/041A8Glast_0032.pdb
/kortemmelab/home/rocco/consensus_min_orig_min/1A8G_ensemble/071A8Glast_0095.pdb
/kortemmelab/home/rocco/consensus_min_orig_min/1A8G_ensemble/041A8Glast_0004.pdb
/kortemmelab/home/rocco/consensus_min_orig_min/1A8G_ensemble/011A8Glast_0091.pdb
/kortemmelab/home/rocco/consensus_min_orig_min/1A8G_ensemble/011A8Glast_0029.pdb
/kortemmelab/home/rocco/consensus_min_orig_min/1A8G_ensemble/021A8Glast_0017.pdb
/kortemmelab/home/rocco/consensus_min_orig_min/1A8G_ensemble/011A8Glast_0054.pdb
/kortemmelab/home/rocco/consensus_min_orig_min/1A8G_ensemble/021A8Glast_0085.pdb
/kortemmelab/home/rocco/consensus_min_orig_min/1A8G_ensemble/011A8Glast_0036.pdb
/kortemmelab/home/rocco/consensus_min_orig_min/1A8G_ensemble/001A8Glast_0075.pdb
/kortemmelab/home/rocco/consensus_min_orig_min/1A8G_ensemble/041A8Glast_0010.pdb
/kortemmelab/home/rocco/consensus_min_orig_min/1A8G_ensemble/061A8Glast_0040.pdb
/kortemmelab/home/rocco/consensus_min_orig_min/1A8G_ensemble/021A8Glast_0024.pdb
/kortemmelab/home/rocco/consensus_min_orig_min/1A8G_ensemble/031A8Glast_0008.pdb
/kortemmelab/home/rocco/consensus_min_orig_min/1A8G_ensemble/011A8Glast_0046.pdb
/kortemmelab/home/rocco/consensus_min_orig_min/1A8G_ensemble/051A8Glast_0031.pdb
/kortemmelab/home/rocco/consensus_min_orig_min/1A8G_ensemble/051A8Glast_0062.pdb
/kortemmelab/home/rocco/consensus_min_orig_min/1A8G_ensemble/031A8Glast_0023.pdb
/kortemmelab/home/rocco/consensus_min_orig_min/1A8G_ensemble/001A8Glast_0072.pdb
/kortemmelab/home/rocco/consensus_min_orig_min/1A8G_ensemble/051A8Glast_0002.pdb
/kortemmelab/home/rocco/consensus_min_orig_min/1A8G_ensemble/011A8Glast_0096.pdb
/kortemmelab/home/rocco/consensus_min_orig_min/1A8G_ensemble/071A8Glast_0043.pdb
/kortemmelab/home/rocco/consensus_min_orig_min/1A8G_ensemble/061A8Glast_0067.pdb
/kortemmelab/home/rocco/consensus_min_orig_min/1A8G_ensemble/071A8Glast_0098.pdb
/kortemmelab/home/rocco/consensus_min_orig_min/1A8G_ensemble/041A8Glast_0043.pdb
/kortemmelab/home/rocco/consensus_min_orig_min/1A8G_ensemble/091A8Glast_0054.pdb
/kortemmelab/home/rocco/consensus_min_orig_min/1A8G_ensemble/031A8Glast_0054.pdb
/kortemmelab/home/rocco/consensus_min_orig_min/1A8G_ensemble/001A8Glast_0091.pdb
/kortemmelab/home/rocco/consensus_min_orig_min/1A8G_ensemble/051A8Glast_0085.pdb
/kortemmelab/home/rocco/consensus_min_orig_min/1A8G_ensemble/071A8Glast_0071.pdb
/kortemmelab/home/rocco/consensus_min_orig_min/1A8G_ensemble/001A8Glast_0038.pdb
/kortemmelab/home/rocco/consensus_min_orig_min/1A8G_ensemble/031A8Glast_0095.pdb
/kortemmelab/home/rocco/consensus_min_orig_min/1A8G_ensemble/011A8Glast_0009.pdb
/kortemmelab/home/rocco/consensus_min_orig_min/1A8G_ensemble/051A8Glast_0026.pdb
/kortemmelab/home/rocco/consensus_min_orig_min/1A8G_ensemble/081A8Glast_0053.pdb
/kortemmelab/home/rocco/consensus_min_orig_min/1A8G_ensemble/021A8Glast_0046.pdb
/kortemmelab/home/rocco/consensus_min_orig_min/1A8G_ensemble/041A8Glast_0020.pdb
/kortemmelab/home/rocco/consensus_min_orig_min/1A8G_ensemble/021A8Glast_0049.pdb
/kortemmelab/home/rocco/consensus_min_orig_min/1A8G_ensemble/021A8Glast_0061.pdb
/kortemmelab/home/rocco/consensus_min_orig_min/1A8G_ensemble/031A8Glast_0067.pdb
/kortemmelab/home/rocco/consensus_min_orig_min/1A8G_ensemble/051A8Glast_0079.pdb
/kortemmelab/home/rocco/consensus_min_orig_min/1A8G_ensemble/031A8Glast_0013.pdb
/kortemmelab/home/rocco/consensus_min_orig_min/1A8G_ensemble/041A8Glast_0073.pdb
/kortemmelab/home/rocco/consensus_min_orig_min/1A8G_ensemble/031A8Glast_0080.pdb
/kortemmelab/home/rocco/consensus_min_orig_min/1A8G_ensemble/081A8Glast_0045.pdb
/kortemmelab/home/rocco/consensus_min_orig_min/1A8G_ensemble/021A8Glow_0038.pdb
/kortemmelab/home/rocco/consensus_min_orig_min/1A8G_ensemble/041A8Glow_0068.pdb
/kortemmelab/home/rocco/consensus_min_orig_min/1A8G_ensemble/061A8Glow_0043.pdb
/kortemmelab/home/rocco/consensus_min_orig_min/1A8G_ensemble/021A8Glow_0078.pdb
/kortemmelab/home/rocco/consensus_min_orig_min/1A8G_ensemble/061A8Glow_0071.pdb
/kortemmelab/home/rocco/consensus_min_orig_min/1A8G_ensemble/061A8Glow_0007.pdb
/kortemmelab/home/rocco/consensus_min_orig_min/1A8G_ensemble/011A8Glow_0017.pdb
/kortemmelab/home/rocco/consensus_min_orig_min/1A8G_ensemble/061A8Glow_0089.pdb
/kortemmelab/home/rocco/consensus_min_orig_min/1A8G_ensemble/081A8Glow_0030.pdb
/kortemmelab/home/rocco/consensus_min_orig_min/1A8G_ensemble/081A8Glow_0048.pdb
/kortemmelab/home/rocco/consensus_min_orig_min/1A8G_ensemble/051A8Glow_0063.pdb
/kortemmelab/home/rocco/consensus_min_orig_min/1A8G_ensemble/001A8Glow_0077.pdb
/kortemmelab/home/rocco/consensus_min_orig_min/1A8G_ensemble/081A8Glow_0091.pdb
/kortemmelab/home/rocco/consensus_min_orig_min/1A8G_ensemble/031A8Glow_0004.pdb
/kortemmelab/home/rocco/consensus_min_orig_min/1A8G_ensemble/091A8Glow_0010.pdb
/kortemmelab/home/rocco/consensus_min_orig_min/1A8G_ensemble/041A8Glow_0001.pdb
/kortemmelab/home/rocco/consensus_min_orig_min/1A8G_ensemble/091A8Glow_0097.pdb
/kortemmelab/home/rocco/consensus_min_orig_min/1A8G_ensemble/041A8Glow_0100.pdb
/kortemmelab/home/rocco/consensus_min_orig_min/1A8G_ensemble/051A8Glow_0005.pdb
/kortemmelab/home/rocco/consensus_min_orig_min/1A8G_ensemble/071A8Glow_0067.pdb
/kortemmelab/home/rocco/consensus_min_orig_min/1A8G_ensemble/041A8Glow_0024.pdb
/kortemmelab/home/rocco/consensus_min_orig_min/1A8G_ensemble/091A8Glow_0066.pdb
/kortemmelab/home/rocco/consensus_min_orig_min/1A8G_ensemble/041A8Glow_0085.pdb
/kortemmelab/home/rocco/consensus_min_orig_min/1A8G_ensemble/091A8Glow_0011.pdb
/kortemmelab/home/rocco/consensus_min_orig_min/1A8G_ensemble/011A8Glow_0061.pdb
/kortemmelab/home/rocco/consensus_min_orig_min/1A8G_ensemble/001A8Glow_0026.pdb
/kortemmelab/home/rocco/consensus_min_orig_min/1A8G_ensemble/021A8Glow_0053.pdb
/kortemmelab/home/rocco/consensus_min_orig_min/1A8G_ensemble/051A8Glow_0073.pdb
/kortemmelab/home/rocco/consensus_min_orig_min/1A8G_ensemble/081A8Glow_0014.pdb
/kortemmelab/home/rocco/consensus_min_orig_min/1A8G_ensemble/031A8Glow_0023.pdb
/kortemmelab/home/rocco/consensus_min_orig_min/1A8G_ensemble/081A8Glow_0021.pdb
/kortemmelab/home/rocco/consensus_min_orig_min/1A8G_ensemble/011A8Glow_0003.pdb
/kortemmelab/home/rocco/consensus_min_orig_min/1A8G_ensemble/091A8Glow_0006.pdb
/kortemmelab/home/rocco/consensus_min_orig_min/1A8G_ensemble/081A8Glow_0015.pdb
/kortemmelab/home/rocco/consensus_min_orig_min/1A8G_ensemble/071A8Glow_0034.pdb
/kortemmelab/home/rocco/consensus_min_orig_min/1A8G_ensemble/071A8Glow_0029.pdb
/kortemmelab/home/rocco/consensus_min_orig_min/1A8G_ensemble/061A8Glow_0022.pdb
/kortemmelab/home/rocco/consensus_min_orig_min/1A8G_ensemble/021A8Glow_0040.pdb
/kortemmelab/home/rocco/consensus_min_orig_min/1A8G_ensemble/081A8Glow_0007.pdb
/kortemmelab/home/rocco/consensus_min_orig_min/1A8G_ensemble/011A8Glow_0008.pdb
/kortemmelab/home/rocco/consensus_min_orig_min/1A8G_ensemble/001A8Glow_0018.pdb
/kortemmelab/home/rocco/consensus_min_orig_min/1A8G_ensemble/061A8Glow_0050.pdb
/kortemmelab/home/rocco/consensus_min_orig_min/1A8G_ensemble/031A8Glow_0073.pdb
/kortemmelab/home/rocco/consensus_min_orig_min/1A8G_ensemble/001A8Glow_0019.pdb
/kortemmelab/home/rocco/consensus_min_orig_min/1A8G_ensemble/081A8Glow_0006.pdb
/kortemmelab/home/rocco/consensus_min_orig_min/1A8G_ensemble/081A8Glow_0053.pdb
/kortemmelab/home/rocco/consensus_min_orig_min/1A8G_ensemble/031A8Glow_0015.pdb
/kortemmelab/home/rocco/consensus_min_orig_min/1A8G_ensemble/041A8Glow_0086.pdb
/kortemmelab/home/rocco/consensus_min_orig_min/1A8G_ensemble/011A8Glow_0022.pdb
/kortemmelab/home/rocco/consensus_min_orig_min/1A8G_ensemble/041A8Glow_0067.pdb
/kortemmelab/home/rocco/consensus_min_orig_min/1A8G_ensemble/061A8Glow_0063.pdb
/kortemmelab/home/rocco/consensus_min_orig_min/1A8G_ensemble/041A8Glow_0059.pdb
/kortemmelab/home/rocco/consensus_min_orig_min/1A8G_ensemble/021A8Glow_0072.pdb
/kortemmelab/home/rocco/consensus_min_orig_min/1A8G_ensemble/091A8Glow_0042.pdb
/kortemmelab/home/rocco/consensus_min_orig_min/1A8G_ensemble/061A8Glow_0059.pdb
/kortemmelab/home/rocco/consensus_min_orig_min/1A8G_ensemble/091A8Glow_0035.pdb
/kortemmelab/home/rocco/consensus_min_orig_min/1A8G_ensemble/001A8Glow_0087.pdb
/kortemmelab/home/rocco/consensus_min_orig_min/1A8G_ensemble/061A8Glow_0045.pdb
/kortemmelab/home/rocco/consensus_min_orig_min/1A8G_ensemble/071A8Glow_0047.pdb
/kortemmelab/home/rocco/consensus_min_orig_min/1A8G_ensemble/041A8Glow_0066.pdb
/kortemmelab/home/rocco/consensus_min_orig_min/1A8G_ensemble/031A8Glow_0071.pdb
/kortemmelab/home/rocco/consensus_min_orig_min/1A8G_ensemble/081A8Glow_0054.pdb
/kortemmelab/home/rocco/consensus_min_orig_min/1A8G_ensemble/051A8Glow_0008.pdb
/kortemmelab/home/rocco/consensus_min_orig_min/1A8G_ensemble/081A8Glow_0069.pdb
/kortemmelab/home/rocco/consensus_min_orig_min/1A8G_ensemble/001A8Glow_0044.pdb
/kortemmelab/home/rocco/consensus_min_orig_min/1A8G_ensemble/011A8Glow_0039.pdb
/kortemmelab/home/rocco/consensus_min_orig_min/1A8G_ensemble/021A8Glow_0033.pdb
/kortemmelab/home/rocco/consensus_min_orig_min/1A8G_ensemble/011A8Glow_0064.pdb
/kortemmelab/home/rocco/consensus_min_orig_min/1A8G_ensemble/061A8Glow_0077.pdb
/kortemmelab/home/rocco/consensus_min_orig_min/1A8G_ensemble/091A8Glow_0014.pdb
/kortemmelab/home/rocco/consensus_min_orig_min/1A8G_ensemble/071A8Glow_0051.pdb
/kortemmelab/home/rocco/consensus_min_orig_min/1A8G_ensemble/001A8Glow_0028.pdb
/kortemmelab/home/rocco/consensus_min_orig_min/1A8G_ensemble/001A8Glow_0054.pdb
/kortemmelab/home/rocco/consensus_min_orig_min/1A8G_ensemble/081A8Glow_0068.pdb
/kortemmelab/home/rocco/consensus_min_orig_min/1A8G_ensemble/071A8Glow_0053.pdb
/kortemmelab/home/rocco/consensus_min_orig_min/1A8G_ensemble/041A8Glow_0097.pdb
/kortemmelab/home/rocco/consensus_min_orig_min/1A8G_ensemble/021A8Glow_0044.pdb
/kortemmelab/home/rocco/consensus_min_orig_min/1A8G_ensemble/031A8Glow_0091.pdb
/kortemmelab/home/rocco/consensus_min_orig_min/1A8G_ensemble/001A8Glow_0073.pdb
/kortemmelab/home/rocco/consensus_min_orig_min/1A8G_ensemble/031A8Glow_0014.pdb
/kortemmelab/home/rocco/consensus_min_orig_min/1A8G_ensemble/001A8Glow_0015.pdb
/kortemmelab/home/rocco/consensus_min_orig_min/1A8G_ensemble/091A8Glow_0017.pdb
/kortemmelab/home/rocco/consensus_min_orig_min/1A8G_ensemble/021A8Glow_0100.pdb
/kortemmelab/home/rocco/consensus_min_orig_min/1A8G_ensemble/091A8Glow_0024.pdb
/kortemmelab/home/rocco/consensus_min_orig_min/1A8G_ensemble/091A8Glow_0075.pdb
/kortemmelab/home/rocco/consensus_min_orig_min/1A8G_ensemble/011A8Glow_0004.pdb
/kortemmelab/home/rocco/consensus_min_orig_min/1A8G_ensemble/071A8Glow_0018.pdb
/kortemmelab/home/rocco/consensus_min_orig_min/1A8G_ensemble/031A8Glow_0080.pdb
/kortemmelab/home/rocco/consensus_min_orig_min/1A8G_ensemble/021A8Glow_0081.pdb
/kortemmelab/home/rocco/consensus_min_orig_min/1A8G_ensemble/001A8Glow_0070.pdb
/kortemmelab/home/rocco/consensus_min_orig_min/1A8G_ensemble/021A8Glow_0036.pdb
/kortemmelab/home/rocco/consensus_min_orig_min/1A8G_ensemble/001A8Glow_0009.pdb
/kortemmelab/home/rocco/consensus_min_orig_min/1A8G_ensemble/001A8Glow_0017.pdb
/kortemmelab/home/rocco/consensus_min_orig_min/1A8G_ensemble/081A8Glow_0049.pdb
/kortemmelab/home/rocco/consensus_min_orig_min/1A8G_ensemble/051A8Glow_0081.pdb
/kortemmelab/home/rocco/consensus_min_orig_min/1A8G_ensemble/041A8Glow_0008.pdb
/kortemmelab/home/rocco/consensus_min_orig_min/1A8G_ensemble/051A8Glow_0011.pdb
/kortemmelab/home/rocco/consensus_min_orig_min/1A8G_ensemble/021A8Glow_0088.pdb
/kortemmelab/home/rocco/consensus_min_orig_min/1A8G_ensemble/021A8Glow_0052.pdb
/kortemmelab/home/rocco/consensus_min_orig_min/1A8G_ensemble/061A8Glow_0004.pdb
/kortemmelab/home/rocco/consensus_min_orig_min/1A8G_ensemble_1.2/041A8Glast_0086.pdb
/kortemmelab/home/rocco/consensus_min_orig_min/1A8G_ensemble_1.2/031A8Glast_0004.pdb
/kortemmelab/home/rocco/consensus_min_orig_min/1A8G_ensemble_1.2/011A8Glast_0049.pdb
/kortemmelab/home/rocco/consensus_min_orig_min/1A8G_ensemble_1.2/031A8Glast_0066.pdb
/kortemmelab/home/rocco/consensus_min_orig_min/1A8G_ensemble_1.2/031A8Glast_0012.pdb
/kortemmelab/home/rocco/consensus_min_orig_min/1A8G_ensemble_1.2/041A8Glast_0079.pdb
/kortemmelab/home/rocco/consensus_min_orig_min/1A8G_ensemble_1.2/051A8Glast_0025.pdb
/kortemmelab/home/rocco/consensus_min_orig_min/1A8G_ensemble_1.2/061A8Glast_0034.pdb
/kortemmelab/home/rocco/consensus_min_orig_min/1A8G_ensemble_1.2/051A8Glast_0023.pdb
/kortemmelab/home/rocco/consensus_min_orig_min/1A8G_ensemble_1.2/091A8Glast_0025.pdb
/kortemmelab/home/rocco/consensus_min_orig_min/1A8G_ensemble_1.2/001A8Glast_0093.pdb
/kortemmelab/home/rocco/consensus_min_orig_min/1A8G_ensemble_1.2/071A8Glast_0091.pdb
/kortemmelab/home/rocco/consensus_min_orig_min/1A8G_ensemble_1.2/061A8Glast_0081.pdb
/kortemmelab/home/rocco/consensus_min_orig_min/1A8G_ensemble_1.2/091A8Glast_0051.pdb
/kortemmelab/home/rocco/consensus_min_orig_min/1A8G_ensemble_1.2/071A8Glast_0010.pdb
/kortemmelab/home/rocco/consensus_min_orig_min/1A8G_ensemble_1.2/051A8Glast_0067.pdb
/kortemmelab/home/rocco/consensus_min_orig_min/1A8G_ensemble_1.2/051A8Glast_0066.pdb
/kortemmelab/home/rocco/consensus_min_orig_min/1A8G_ensemble_1.2/091A8Glast_0027.pdb
/kortemmelab/home/rocco/consensus_min_orig_min/1A8G_ensemble_1.2/081A8Glast_0089.pdb
/kortemmelab/home/rocco/consensus_min_orig_min/1A8G_ensemble_1.2/091A8Glast_0043.pdb
/kortemmelab/home/rocco/consensus_min_orig_min/1A8G_ensemble_1.2/001A8Glast_0099.pdb
/kortemmelab/home/rocco/consensus_min_orig_min/1A8G_ensemble_1.2/031A8Glast_0043.pdb
/kortemmelab/home/rocco/consensus_min_orig_min/1A8G_ensemble_1.2/001A8Glast_0089.pdb
/kortemmelab/home/rocco/consensus_min_orig_min/1A8G_ensemble_1.2/061A8Glast_0021.pdb
/kortemmelab/home/rocco/consensus_min_orig_min/1A8G_ensemble_1.2/061A8Glast_0026.pdb
/kortemmelab/home/rocco/consensus_min_orig_min/1A8G_ensemble_1.2/011A8Glast_0071.pdb
/kortemmelab/home/rocco/consensus_min_orig_min/1A8G_ensemble_1.2/021A8Glast_0033.pdb
/kortemmelab/home/rocco/consensus_min_orig_min/1A8G_ensemble_1.2/091A8Glast_0073.pdb
/kortemmelab/home/rocco/consensus_min_orig_min/1A8G_ensemble_1.2/011A8Glast_0077.pdb
/kortemmelab/home/rocco/consensus_min_orig_min/1A8G_ensemble_1.2/081A8Glast_0025.pdb
/kortemmelab/home/rocco/consensus_min_orig_min/1A8G_ensemble_1.2/071A8Glast_0050.pdb
/kortemmelab/home/rocco/consensus_min_orig_min/1A8G_ensemble_1.2/061A8Glast_0086.pdb
/kortemmelab/home/rocco/consensus_min_orig_min/1A8G_ensemble_1.2/081A8Glast_0032.pdb
/kortemmelab/home/rocco/consensus_min_orig_min/1A8G_ensemble_1.2/011A8Glast_0016.pdb
/kortemmelab/home/rocco/consensus_min_orig_min/1A8G_ensemble_1.2/081A8Glast_0049.pdb
/kortemmelab/home/rocco/consensus_min_orig_min/1A8G_ensemble_1.2/061A8Glast_0068.pdb
/kortemmelab/home/rocco/consensus_min_orig_min/1A8G_ensemble_1.2/031A8Glast_0050.pdb
/kortemmelab/home/rocco/consensus_min_orig_min/1A8G_ensemble_1.2/021A8Glast_0025.pdb
/kortemmelab/home/rocco/consensus_min_orig_min/1A8G_ensemble_1.2/031A8Glast_0036.pdb
/kortemmelab/home/rocco/consensus_min_orig_min/1A8G_ensemble_1.2/091A8Glast_0008.pdb
/kortemmelab/home/rocco/consensus_min_orig_min/1A8G_ensemble_1.2/011A8Glast_0037.pdb
/kortemmelab/home/rocco/consensus_min_orig_min/1A8G_ensemble_1.2/071A8Glast_0082.pdb
/kortemmelab/home/rocco/consensus_min_orig_min/1A8G_ensemble_1.2/061A8Glast_0097.pdb
/kortemmelab/home/rocco/consensus_min_orig_min/1A8G_ensemble_1.2/031A8Glast_0020.pdb
/kortemmelab/home/rocco/consensus_min_orig_min/1A8G_ensemble_1.2/001A8Glast_0026.pdb
/kortemmelab/home/rocco/consensus_min_orig_min/1A8G_ensemble_1.2/031A8Glast_0003.pdb
/kortemmelab/home/rocco/consensus_min_orig_min/1A8G_ensemble_1.2/021A8Glast_0030.pdb
/kortemmelab/home/rocco/consensus_min_orig_min/1A8G_ensemble_1.2/061A8Glast_0075.pdb
/kortemmelab/home/rocco/consensus_min_orig_min/1A8G_ensemble_1.2/071A8Glast_0086.pdb
/kortemmelab/home/rocco/consensus_min_orig_min/1A8G_ensemble_1.2/041A8Glast_0004.pdb
/kortemmelab/home/rocco/consensus_min_orig_min/1A8G_ensemble_1.2/071A8Glast_0095.pdb
/kortemmelab/home/rocco/consensus_min_orig_min/1A8G_ensemble_1.2/091A8Glast_0050.pdb
/kortemmelab/home/rocco/consensus_min_orig_min/1A8G_ensemble_1.2/081A8Glast_0050.pdb
/kortemmelab/home/rocco/consensus_min_orig_min/1A8G_ensemble_1.2/011A8Glast_0054.pdb
/kortemmelab/home/rocco/consensus_min_orig_min/1A8G_ensemble_1.2/011A8Glast_0029.pdb
/kortemmelab/home/rocco/consensus_min_orig_min/1A8G_ensemble_1.2/001A8Glast_0078.pdb
/kortemmelab/home/rocco/consensus_min_orig_min/1A8G_ensemble_1.2/011A8Glast_0024.pdb
/kortemmelab/home/rocco/consensus_min_orig_min/1A8G_ensemble_1.2/061A8Glast_0040.pdb
/kortemmelab/home/rocco/consensus_min_orig_min/1A8G_ensemble_1.2/051A8Glast_0070.pdb
/kortemmelab/home/rocco/consensus_min_orig_min/1A8G_ensemble_1.2/081A8Glast_0001.pdb
/kortemmelab/home/rocco/consensus_min_orig_min/1A8G_ensemble_1.2/021A8Glast_0024.pdb
/kortemmelab/home/rocco/consensus_min_orig_min/1A8G_ensemble_1.2/061A8Glast_0014.pdb
/kortemmelab/home/rocco/consensus_min_orig_min/1A8G_ensemble_1.2/001A8Glast_0027.pdb
/kortemmelab/home/rocco/consensus_min_orig_min/1A8G_ensemble_1.2/021A8Glast_0082.pdb
/kortemmelab/home/rocco/consensus_min_orig_min/1A8G_ensemble_1.2/091A8Glast_0015.pdb
/kortemmelab/home/rocco/consensus_min_orig_min/1A8G_ensemble_1.2/041A8Glast_0023.pdb
/kortemmelab/home/rocco/consensus_min_orig_min/1A8G_ensemble_1.2/081A8Glast_0068.pdb
/kortemmelab/home/rocco/consensus_min_orig_min/1A8G_ensemble_1.2/011A8Glast_0088.pdb
/kortemmelab/home/rocco/consensus_min_orig_min/1A8G_ensemble_1.2/041A8Glast_0003.pdb
/kortemmelab/home/rocco/consensus_min_orig_min/1A8G_ensemble_1.2/051A8Glast_0095.pdb
/kortemmelab/home/rocco/consensus_min_orig_min/1A8G_ensemble_1.2/091A8Glast_0089.pdb
/kortemmelab/home/rocco/consensus_min_orig_min/1A8G_ensemble_1.2/071A8Glast_0029.pdb
/kortemmelab/home/rocco/consensus_min_orig_min/1A8G_ensemble_1.2/021A8Glast_0063.pdb
/kortemmelab/home/rocco/consensus_min_orig_min/1A8G_ensemble_1.2/051A8Glast_0092.pdb
/kortemmelab/home/rocco/consensus_min_orig_min/1A8G_ensemble_1.2/081A8Glast_0064.pdb
/kortemmelab/home/rocco/consensus_min_orig_min/1A8G_ensemble_1.2/061A8Glast_0033.pdb
/kortemmelab/home/rocco/consensus_min_orig_min/1A8G_ensemble_1.2/021A8Glast_0045.pdb
/kortemmelab/home/rocco/consensus_min_orig_min/1A8G_ensemble_1.2/011A8Glast_0025.pdb
/kortemmelab/home/rocco/consensus_min_orig_min/1A8G_ensemble_1.2/021A8Glast_0001.pdb
/kortemmelab/home/rocco/consensus_min_orig_min/1A8G_ensemble_1.2/091A8Glast_0077.pdb
/kortemmelab/home/rocco/consensus_min_orig_min/1A8G_ensemble_1.2/081A8Glast_0019.pdb
/kortemmelab/home/rocco/consensus_min_orig_min/1A8G_ensemble_1.2/081A8Glast_0017.pdb
/kortemmelab/home/rocco/consensus_min_orig_min/1A8G_ensemble_1.2/021A8Glast_0080.pdb
/kortemmelab/home/rocco/consensus_min_orig_min/1A8G_ensemble_1.2/001A8Glast_0084.pdb
/kortemmelab/home/rocco/consensus_min_orig_min/1A8G_ensemble_1.2/091A8Glast_0085.pdb
/kortemmelab/home/rocco/consensus_min_orig_min/1A8G_ensemble_1.2/051A8Glast_0049.pdb
/kortemmelab/home/rocco/consensus_min_orig_min/1A8G_ensemble_1.2/011A8Glast_0079.pdb
/kortemmelab/home/rocco/consensus_min_orig_min/1A8G_ensemble_1.2/001A8Glast_0098.pdb
/kortemmelab/home/rocco/consensus_min_orig_min/1A8G_ensemble_1.2/081A8Glast_0095.pdb
/kortemmelab/home/rocco/consensus_min_orig_min/1A8G_ensemble_1.2/061A8Glast_0058.pdb
/kortemmelab/home/rocco/consensus_min_orig_min/1A8G_ensemble_1.2/011A8Glast_0005.pdb
/kortemmelab/home/rocco/consensus_min_orig_min/1A8G_ensemble_1.2/011A8Glast_0055.pdb
/kortemmelab/home/rocco/consensus_min_orig_min/1A8G_ensemble_1.2/051A8Glast_0020.pdb
/kortemmelab/home/rocco/consensus_min_orig_min/1A8G_ensemble_1.2/051A8Glast_0035.pdb
/kortemmelab/home/rocco/consensus_min_orig_min/1A8G_ensemble_1.2/081A8Glast_0006.pdb
/kortemmelab/home/rocco/consensus_min_orig_min/1A8G_ensemble_1.2/041A8Glast_0077.pdb
/kortemmelab/home/rocco/consensus_min_orig_min/1A8G_ensemble_1.2/061A8Glast_0096.pdb
/kortemmelab/home/rocco/consensus_min_orig_min/1A8G_ensemble_1.2/031A8Glast_0067.pdb
/kortemmelab/home/rocco/consensus_min_orig_min/1A8G_ensemble_1.2/031A8Glast_0013.pdb
/kortemmelab/home/rocco/consensus_min_orig_min/1A8G_ensemble_1.2/021A8Glast_0041.pdb
/kortemmelab/home/rocco/consensus_min_orig_min/1A8G_ensemble_1.2/071A8Glow_0091.pdb
/kortemmelab/home/rocco/consensus_min_orig_min/1A8G_ensemble_1.2/061A8Glow_0088.pdb
/kortemmelab/home/rocco/consensus_min_orig_min/1A8G_ensemble_1.2/061A8Glow_0094.pdb
/kortemmelab/home/rocco/consensus_min_orig_min/1A8G_ensemble_1.2/051A8Glow_0042.pdb
/kortemmelab/home/rocco/consensus_min_orig_min/1A8G_ensemble_1.2/091A8Glow_0055.pdb
/kortemmelab/home/rocco/consensus_min_orig_min/1A8G_ensemble_1.2/051A8Glow_0062.pdb
/kortemmelab/home/rocco/consensus_min_orig_min/1A8G_ensemble_1.2/021A8Glow_0010.pdb
/kortemmelab/home/rocco/consensus_min_orig_min/1A8G_ensemble_1.2/061A8Glow_0012.pdb
/kortemmelab/home/rocco/consensus_min_orig_min/1A8G_ensemble_1.2/051A8Glow_0001.pdb
/kortemmelab/home/rocco/consensus_min_orig_min/1A8G_ensemble_1.2/021A8Glow_0057.pdb
/kortemmelab/home/rocco/consensus_min_orig_min/1A8G_ensemble_1.2/051A8Glow_0054.pdb
/kortemmelab/home/rocco/consensus_min_orig_min/1A8G_ensemble_1.2/081A8Glow_0031.pdb
/kortemmelab/home/rocco/consensus_min_orig_min/1A8G_ensemble_1.2/071A8Glow_0084.pdb
/kortemmelab/home/rocco/consensus_min_orig_min/1A8G_ensemble_1.2/031A8Glow_0052.pdb
/kortemmelab/home/rocco/consensus_min_orig_min/1A8G_ensemble_1.2/001A8Glow_0037.pdb
/kortemmelab/home/rocco/consensus_min_orig_min/1A8G_ensemble_1.2/051A8Glow_0005.pdb
/kortemmelab/home/rocco/consensus_min_orig_min/1A8G_ensemble_1.2/021A8Glow_0065.pdb
/kortemmelab/home/rocco/consensus_min_orig_min/1A8G_ensemble_1.2/021A8Glow_0022.pdb
/kortemmelab/home/rocco/consensus_min_orig_min/1A8G_ensemble_1.2/001A8Glow_0040.pdb
/kortemmelab/home/rocco/consensus_min_orig_min/1A8G_ensemble_1.2/031A8Glow_0055.pdb
/kortemmelab/home/rocco/consensus_min_orig_min/1A8G_ensemble_1.2/001A8Glow_0069.pdb
/kortemmelab/home/rocco/consensus_min_orig_min/1A8G_ensemble_1.2/031A8Glow_0065.pdb
/kortemmelab/home/rocco/consensus_min_orig_min/1A8G_ensemble_1.2/061A8Glow_0031.pdb
/kortemmelab/home/rocco/consensus_min_orig_min/1A8G_ensemble_1.2/071A8Glow_0099.pdb
/kortemmelab/home/rocco/consensus_min_orig_min/1A8G_ensemble_1.2/031A8Glow_0033.pdb
/kortemmelab/home/rocco/consensus_min_orig_min/1A8G_ensemble_1.2/061A8Glow_0016.pdb
/kortemmelab/home/rocco/consensus_min_orig_min/1A8G_ensemble_1.2/041A8Glow_0003.pdb
/kortemmelab/home/rocco/consensus_min_orig_min/1A8G_ensemble_1.2/061A8Glow_0029.pdb
/kortemmelab/home/rocco/consensus_min_orig_min/1A8G_ensemble_1.2/021A8Glow_0067.pdb
/kortemmelab/home/rocco/consensus_min_orig_min/1A8G_ensemble_1.2/091A8Glow_0026.pdb
/kortemmelab/home/rocco/consensus_min_orig_min/1A8G_ensemble_1.2/051A8Glow_0053.pdb
/kortemmelab/home/rocco/consensus_min_orig_min/1A8G_ensemble_1.2/081A8Glow_0085.pdb
/kortemmelab/home/rocco/consensus_min_orig_min/1A8G_ensemble_1.2/021A8Glow_0039.pdb
/kortemmelab/home/rocco/consensus_min_orig_min/1A8G_ensemble_1.2/061A8Glow_0092.pdb
/kortemmelab/home/rocco/consensus_min_orig_min/1A8G_ensemble_1.2/081A8Glow_0098.pdb
/kortemmelab/home/rocco/consensus_min_orig_min/1A8G_ensemble_1.2/071A8Glow_0034.pdb
/kortemmelab/home/rocco/consensus_min_orig_min/1A8G_ensemble_1.2/081A8Glow_0074.pdb
/kortemmelab/home/rocco/consensus_min_orig_min/1A8G_ensemble_1.2/061A8Glow_0099.pdb
/kortemmelab/home/rocco/consensus_min_orig_min/1A8G_ensemble_1.2/091A8Glow_0081.pdb
/kortemmelab/home/rocco/consensus_min_orig_min/1A8G_ensemble_1.2/011A8Glow_0065.pdb
/kortemmelab/home/rocco/consensus_min_orig_min/1A8G_ensemble_1.2/081A8Glow_0076.pdb
/kortemmelab/home/rocco/consensus_min_orig_min/1A8G_ensemble_1.2/091A8Glow_0092.pdb
/kortemmelab/home/rocco/consensus_min_orig_min/1A8G_ensemble_1.2/061A8Glow_0050.pdb
/kortemmelab/home/rocco/consensus_min_orig_min/1A8G_ensemble_1.2/061A8Glow_0024.pdb
/kortemmelab/home/rocco/consensus_min_orig_min/1A8G_ensemble_1.2/081A8Glow_0042.pdb
/kortemmelab/home/rocco/consensus_min_orig_min/1A8G_ensemble_1.2/041A8Glow_0013.pdb
/kortemmelab/home/rocco/consensus_min_orig_min/1A8G_ensemble_1.2/031A8Glow_0076.pdb
/kortemmelab/home/rocco/consensus_min_orig_min/1A8G_ensemble_1.2/061A8Glow_0098.pdb
/kortemmelab/home/rocco/consensus_min_orig_min/1A8G_ensemble_1.2/051A8Glow_0012.pdb
/kortemmelab/home/rocco/consensus_min_orig_min/1A8G_ensemble_1.2/091A8Glow_0050.pdb
/kortemmelab/home/rocco/consensus_min_orig_min/1A8G_ensemble_1.2/051A8Glow_0027.pdb
/kortemmelab/home/rocco/consensus_min_orig_min/1A8G_ensemble_1.2/001A8Glow_0051.pdb
/kortemmelab/home/rocco/consensus_min_orig_min/1A8G_ensemble_1.2/081A8Glow_0033.pdb
/kortemmelab/home/rocco/consensus_min_orig_min/1A8G_ensemble_1.2/071A8Glow_0089.pdb
/kortemmelab/home/rocco/consensus_min_orig_min/1A8G_ensemble_1.2/091A8Glow_0042.pdb
/kortemmelab/home/rocco/consensus_min_orig_min/1A8G_ensemble_1.2/031A8Glow_0063.pdb
/kortemmelab/home/rocco/consensus_min_orig_min/1A8G_ensemble_1.2/081A8Glow_0077.pdb
/kortemmelab/home/rocco/consensus_min_orig_min/1A8G_ensemble_1.2/081A8Glow_0089.pdb
/kortemmelab/home/rocco/consensus_min_orig_min/1A8G_ensemble_1.2/071A8Glow_0079.pdb
/kortemmelab/home/rocco/consensus_min_orig_min/1A8G_ensemble_1.2/061A8Glow_0062.pdb
/kortemmelab/home/rocco/consensus_min_orig_min/1A8G_ensemble_1.2/031A8Glow_0078.pdb
/kortemmelab/home/rocco/consensus_min_orig_min/1A8G_ensemble_1.2/001A8Glow_0032.pdb
/kortemmelab/home/rocco/consensus_min_orig_min/1A8G_ensemble_1.2/081A8Glow_0095.pdb
/kortemmelab/home/rocco/consensus_min_orig_min/1A8G_ensemble_1.2/031A8Glow_0028.pdb
/kortemmelab/home/rocco/consensus_min_orig_min/1A8G_ensemble_1.2/051A8Glow_0067.pdb
/kortemmelab/home/rocco/consensus_min_orig_min/1A8G_ensemble_1.2/011A8Glow_0082.pdb
/kortemmelab/home/rocco/consensus_min_orig_min/1A8G_ensemble_1.2/071A8Glow_0009.pdb
/kortemmelab/home/rocco/consensus_min_orig_min/1A8G_ensemble_1.2/071A8Glow_0033.pdb
/kortemmelab/home/rocco/consensus_min_orig_min/1A8G_ensemble_1.2/031A8Glow_0059.pdb
/kortemmelab/home/rocco/consensus_min_orig_min/1A8G_ensemble_1.2/021A8Glow_0007.pdb
/kortemmelab/home/rocco/consensus_min_orig_min/1A8G_ensemble_1.2/091A8Glow_0014.pdb
/kortemmelab/home/rocco/consensus_min_orig_min/1A8G_ensemble_1.2/091A8Glow_0071.pdb
/kortemmelab/home/rocco/consensus_min_orig_min/1A8G_ensemble_1.2/031A8Glow_0013.pdb
/kortemmelab/home/rocco/consensus_min_orig_min/1A8G_ensemble_1.2/091A8Glow_0012.pdb
/kortemmelab/home/rocco/consensus_min_orig_min/1A8G_ensemble_1.2/041A8Glow_0065.pdb
/kortemmelab/home/rocco/consensus_min_orig_min/1A8G_ensemble_1.2/041A8Glow_0058.pdb
/kortemmelab/home/rocco/consensus_min_orig_min/1A8G_ensemble_1.2/011A8Glow_0053.pdb
/kortemmelab/home/rocco/consensus_min_orig_min/1A8G_ensemble_1.2/091A8Glow_0003.pdb
/kortemmelab/home/rocco/consensus_min_orig_min/1A8G_ensemble_1.2/031A8Glow_0091.pdb
/kortemmelab/home/rocco/consensus_min_orig_min/1A8G_ensemble_1.2/031A8Glow_0014.pdb
/kortemmelab/home/rocco/consensus_min_orig_min/1A8G_ensemble_1.2/051A8Glow_0060.pdb
/kortemmelab/home/rocco/consensus_min_orig_min/1A8G_ensemble_1.2/051A8Glow_0069.pdb
/kortemmelab/home/rocco/consensus_min_orig_min/1A8G_ensemble_1.2/011A8Glow_0036.pdb
/kortemmelab/home/rocco/consensus_min_orig_min/1A8G_ensemble_1.2/091A8Glow_0017.pdb
/kortemmelab/home/rocco/consensus_min_orig_min/1A8G_ensemble_1.2/001A8Glow_0099.pdb
/kortemmelab/home/rocco/consensus_min_orig_min/1A8G_ensemble_1.2/061A8Glow_0065.pdb
/kortemmelab/home/rocco/consensus_min_orig_min/1A8G_ensemble_1.2/031A8Glow_0080.pdb
/kortemmelab/home/rocco/consensus_min_orig_min/1A8G_ensemble_1.2/091A8Glow_0073.pdb
/kortemmelab/home/rocco/consensus_min_orig_min/1A8G_ensemble_1.2/031A8Glow_0056.pdb
/kortemmelab/home/rocco/consensus_min_orig_min/1A8G_ensemble_1.2/041A8Glow_0002.pdb
/kortemmelab/home/rocco/consensus_min_orig_min/1A8G_ensemble_1.2/021A8Glow_0018.pdb
/kortemmelab/home/rocco/consensus_min_orig_min/1A8G_ensemble_1.2/041A8Glow_0052.pdb
/kortemmelab/home/rocco/consensus_min_orig_min/1A8G_ensemble_1.2/081A8Glow_0086.pdb
/kortemmelab/home/rocco/consensus_min_orig_min/1A8G_ensemble_1.2/041A8Glow_0011.pdb
/kortemmelab/home/rocco/consensus_min_orig_min/1A8G_ensemble_1.2/021A8Glow_0083.pdb
/kortemmelab/home/rocco/consensus_min_orig_min/1A8G_ensemble_1.2/011A8Glow_0034.pdb
/kortemmelab/home/rocco/consensus_min_orig_min/1A8G_ensemble_1.2/081A8Glow_0081.pdb
/kortemmelab/home/rocco/consensus_min_orig_min/1A8G_ensemble_1.2/001A8Glow_0016.pdb
/kortemmelab/home/rocco/consensus_min_orig_min/1A8G_ensemble_1.2/051A8Glow_0081.pdb
/kortemmelab/home/rocco/consensus_min_orig_min/1A8G_ensemble_1.2/061A8Glow_0044.pdb
